
> 2h-central-hub@0.0.0 build
> vite build

[36mvite v5.4.21 [32mbuilding for production...[36m[39m
transforming...
[32mÔ£ô[39m 18 modules transformed.
node.exe : [31mx[39m Build 
failed in 586ms
In Zeile:1 Zeichen:1
+ & "C:\Program 
Files\nodejs/node.exe" 
"C:\Program 
Files\nodejs/node_mo ...
+ ~~~~~~~~~~~~~~~~~~~~~~~~~~~
~~~~~~~~~~~~~~~~~~~~~~~~~~~~~
~~~~~~~~~~~~~
    + CategoryInfo           
   : NotSpecified    : 
([31mx[39m Buil    d 
failed in 586ms:S    tring) 
[], RemoteEx    ception
    + FullyQualifiedErr    
orId : NativeComman    dError
 
[31merror during build:
[31m[vite:esbuild] 
Transform failed with 1 
error:
C:/Users/Silvio Hartleb/Docum
ents/2H-Websolutions-Apps/2h-
central-hub/src/pages/Project
s.tsx:442:40: ERROR: 
Expected ";" but found 
"hover"[31m
file: [36mC:/Users/Silvio Ha
rtleb/Documents/2H-Websolutio
ns-Apps/2h-central-hub/src/pa
ges/Projects.tsx:442:40[31m
[33m
[33mExpected ";" but found 
"hover"[33m
440|                         
 <button
441|                         
     onClick={() => 
setViewFolder(null)}
442|                         
     className={`hover: 
text-brand - lime transition 
- colors ${ !viewFolder ? 
'font-medium 
text-brand-black' : '' } `}
   |                         
                 ^
443|                         
 >
444|                         
     {viewClient.companyName}
[31m
    at failureErrorWithLog 
(C:\Users\Silvio Hartleb\Docu
ments\2H-Websolutions-Apps\2h
-central-hub\node_modules\esb
uild\lib\main.js:1472:15)
    at C:\Users\Silvio Hartle
b\Documents\2H-Websolutions-A
pps\2h-central-hub\node_modul
es\esbuild\lib\main.js:755:50
    at 
responseCallbacks.<computed> 
(C:\Users\Silvio Hartleb\Docu
ments\2H-Websolutions-Apps\2h
-central-hub\node_modules\esb
uild\lib\main.js:622:9)
    at handleIncomingPacket 
(C:\Users\Silvio Hartleb\Docu
ments\2H-Websolutions-Apps\2h
-central-hub\node_modules\esb
uild\lib\main.js:677:12)
    at Socket.readFromStdout 
(C:\Users\Silvio Hartleb\Docu
ments\2H-Websolutions-Apps\2h
-central-hub\node_modules\esb
uild\lib\main.js:600:7)
    at Socket.emit 
(node:events:508:28)
    at addChunk (node:interna
l/streams/readable:559:12)
    at 
readableAddChunkPushByteMode 
(node:internal/streams/readab
le:510:3)
    at Readable.push (node:in
ternal/streams/readable:390:5
)
    at Pipe.onStreamRead (nod
e:internal/stream_base_common
s:189:23)[39m
