src/pages/Projects.tsx(442,41): error TS1005: ',' expected.
src/pages/Projects.tsx(442,51): error TS1005: ',' expected.
src/pages/Projects.tsx(442,63): error TS1005: ';' expected.
src/pages/Projects.tsx(442,81): error TS1005: ';' expected.
src/pages/Projects.tsx(523,84): error TS1005: ';' expected.
src/pages/Projects.tsx(789,45): error TS1005: ';' expected.
src/pages/Projects.tsx(789,52): error TS1005: ';' expected.
src/pages/Projects.tsx(789,62): error TS1005: ';' expected.
src/pages/Projects.tsx(789,67): error TS1005: ';' expected.
src/pages/Projects.tsx(789,72): error TS1005: ';' expected.
src/pages/Projects.tsx(789,83): error TS1005: ';' expected.
src/pages/Projects.tsx(789,105): error TS1005: ';' expected.
src/pages/Projects.tsx(789,123): error TS1005: ';' expected.
src/pages/Projects.tsx(789,129): error TS1005: ';' expected.
src/pages/Projects.tsx(791,50): error TS1005: ';' expected.
src/pages/Projects.tsx(791,54): error TS1005: ';' expected.
src/pages/Projects.tsx(791,67): error TS1005: ';' expected.
src/pages/Projects.tsx(803,49): error TS1005: ';' expected.
src/pages/Projects.tsx(803,56): error TS1005: ';' expected.
src/pages/Projects.tsx(803,66): error TS1005: ';' expected.
src/pages/Projects.tsx(803,71): error TS1005: ';' expected.
src/pages/Projects.tsx(803,76): error TS1005: ';' expected.
src/pages/Projects.tsx(803,87): error TS1005: ';' expected.
src/pages/Projects.tsx(803,109): error TS1005: ';' expected.
src/pages/Projects.tsx(803,127): error TS1005: ';' expected.
src/pages/Projects.tsx(803,133): error TS1005: ';' expected.
src/pages/Projects.tsx(805,54): error TS1005: ';' expected.
src/pages/Projects.tsx(805,58): error TS1005: ';' expected.
src/pages/Projects.tsx(805,71): error TS1005: ';' expected.
src/pages/Projects.tsx(823,1): error TS1160: Unterminated template literal.
